******************************************************************************
                  TI ARM Linker PC v16.9.1                     
******************************************************************************
>> Linked Fri Jun 09 05:04:59 2017

OUTPUT FILE NAME:   <SSL_REST_API_AWS.out>
ENTRY POINT SYMBOL: "_c_int00"  address: 2000cb8d


MEMORY CONFIGURATION

         name            origin    length      used     unused   attr    fill
----------------------  --------  ---------  --------  --------  ----  --------
  SRAM_CODE             20004000   00013000  00009dba  00009246  RW X
  SRAM_DATA             20017000   00019000  000092d7  0000fd29  RW X


SEGMENT ALLOCATION MAP

run origin  load origin   length   init length attrs members
----------  ----------- ---------- ----------- ----- -------
20004000    20004000    00009dc0   00009dc0    r-x
  20004000    20004000    00000400   00000400    r-- .intvecs
  20004400    20004400    00009314   00009314    r-x .text
  2000d714    2000d714    0000063e   0000063e    r-- .const
  2000dd58    2000dd58    00000068   00000068    r-- .cinit
20017000    20017000    000082d8   00000000    rw-
  20017000    20017000    00008000   00000000    rw- .sysmem
  2001f000    2001f000    00000223   00000000    rw- .bss
  2001f224    2001f224    000000b4   00000000    rw- .data
2002f000    2002f000    00001000   00000000    rw-
  2002f000    2002f000    00001000   00000000    rw- .stack


SECTION ALLOCATION MAP

 output                                  attributes/
section   page    origin      length       input sections
--------  ----  ----------  ----------   ----------------
.intvecs   0    20004000    00000400     
                  20004000    00000400     startup_ccs.obj (.intvecs)

.init_array 
*          0    20004000    00000000     UNINITIALIZED

.text      0    20004400    00009314     
                  20004400    000015a5     main.obj (.text)
                  200059a5    00000001     --HOLE-- [fill = 0]
                  200059a6    00000002     driverlib.a : interrupt.obj (.text:IntDefaultHandler)
                  200059a8    00001122     rtsv7M4_T_le_eabi.lib : _printfi.obj (.text)
                  20006aca    00000002                           : mpu_init.obj (.text)
                  20006acc    00000590     simplelink.a : driver.obj (.text:_SlDrvMsgRead)
                  2000705c    000003d0     rtsv7M4_T_le_eabi.lib : memory.obj (.text)
                  2000742c    0000034c     gpio_if.obj (.text)
                  20007778    00000284     i2c_if.obj (.text)
                  200079fc    00000280     uart_if.obj (.text)
                  20007c7c    0000027c     simplelink.a : wlan.obj (.text:sl_WlanConnect)
                  20007ef8    0000024c                  : driver.obj (.text:_SlDrvRxHdrRead)
                  20008144    000001f4     rtsv7M4_T_le_eabi.lib : ull_div_t2.obj (.text)
                  20008338    000001e4     simplelink.a : driver.obj (.text:_SlDrvDataReadOp)
                  2000851c    000001e4     bma222drv.obj (.text)
                  20008700    000001d0     simplelink.a : driver.obj (.text:_SlDrvReleasePoolObj)
                  200088d0    000001b6     rtsv7M4_T_le_eabi.lib : fd_add_t2.obj (.text)
                  20008a86    00000002                           : startup.obj (.text)
                  20008a88    000001b4     simplelink.a : driver.obj (.text:_SlDrvDriverCBInit)
                  20008c3c    0000019c                  : driver.obj (.text:_SlDrvMsgWrite)
                  20008dd8    00000190                  : driver.obj (.text:_SlDrvWaitForPoolObj)
                  20008f68    0000018c                  : socket.obj (.text:sl_Connect)
                  200090f4    00000178     driverlib.a : prcm.obj (.text:PRCMCC3200MCUInit)
                  2000926c    00000170     simplelink.a : driver.obj (.text:_SlFindAndSetActiveObj)
                  200093dc    00000150                  : driver.obj (.text:_SlDrvDataWriteOp)
                  2000952c    00000148                  : cc_pal.obj (.text:spi_Open)
                  20009674    00000144                  : driver.obj (.text:_SlDrvMsgReadCmdCtx)
                  200097b8    00000144                  : netapp.obj (.text:sl_NetAppDnsGetHostByName)
                  200098fc    00000136     rtsv7M4_T_le_eabi.lib : fd_div_t2.obj (.text)
                  20009a32    00000002     --HOLE-- [fill = 0]
                  20009a34    00000134     simplelink.a : socket.obj (.text:sl_Send)
                  20009b68    00000130                  : driver.obj (.text:_SlDrvDriverCBDeinit)
                  20009c98    00000104                  : netapp.obj (.text:_SlDrvNetAppEventHandler)
                  20009d9c    000000fc     rtsv7M4_T_le_eabi.lib : fd_mul_t2.obj (.text)
                  20009e98    000000f0     simplelink.a : device.obj (.text:sl_Stop)
                  20009f88    000000f0                  : cc_pal.obj (.text:spi_Read)
                  2000a078    000000f0     driverlib.a : udma.obj (.text:uDMAChannelTransferSet)
                  2000a168    000000ec     simplelink.a : device.obj (.text:sl_Start)
                  2000a254    000000e8                  : driver.obj (.text:_SlAsyncEventGenericHandler)
                  2000a33c    000000e8                  : driver.obj (.text:_SlDrvMsgReadSpawnCtx)
                  2000a424    000000e4                  : netapp.obj (.text:sl_NetAppMDNSRegisterUnregisterService)
                  2000a508    000000dc                  : driver.obj (.text:_SlDrvClassifyRxMsg)
                  2000a5e4    000000d0     rtsv7M4_T_le_eabi.lib : s_scalbn.obj (.text)
                  2000a6b4    000000cc     simplelink.a : netapp.obj (.text:_sl_HandleAsync_DnsGetHostByService)
                  2000a780    000000cc                  : device.obj (.text:sl_DevGet)
                  2000a84c    000000c4                  : driver.obj (.text:_SlRemoveFromList)
                  2000a910    000000c0                  : driver.obj (.text:_SlDrvCmdOp)
                  2000a9d0    000000b0                  : nonos.obj (.text:_SlNonOsSemGet)
                  2000aa80    000000a8     driverlib.a : interrupt.obj (.text:IntDisable)
                  2000ab28    000000a8                 : interrupt.obj (.text:IntEnable)
                  2000abd0    000000a4     simplelink.a : driver.obj (.text:_SlDriverHandleError)
                  2000ac74    000000a0     driverlib.a : spi.obj (.text:SPIConfigSetExpClk)
                  2000ad14    000000a0     simplelink.a : socket.obj (.text:sl_Recv)
                  2000adb4    0000009c     rtsv7M4_T_le_eabi.lib : memcpy_t2.obj (.text)
                  2000ae50    0000009a     simplelink.a : device.obj (.text:_SlDrvDeviceEventHandler)
                  2000aeea    00000002     --HOLE-- [fill = 0]
                  2000aeec    00000098                  : device.obj (.text:sl_DevSet)
                  2000af84    00000098                  : netcfg.obj (.text:sl_NetCfgSet)
                  2000b01c    00000098                  : socket.obj (.text:sl_SetSockOpt)
                  2000b0b4    00000098                  : wlan.obj (.text:sl_WlanSet)
                  2000b14c    00000098                  : cc_pal.obj (.text:spi_Write)
                  2000b1e4    00000094     driverlib.a : prcm.obj (.text:PRCMPeripheralClockGet)
                  2000b278    00000090     simplelink.a : netapp.obj (.text:_sl_HandleAsync_DnsGetHostByName)
                  2000b308    00000090                  : netapp.obj (.text:_sl_HandleAsync_PingResponse)
                  2000b398    00000090                  : wlan.obj (.text:sl_WlanPolicySet)
                  2000b428    0000008c                  : cc_pal.obj (.text:SetupDMAReceive)
                  2000b4b4    0000008c                  : cc_pal.obj (.text:SetupDMASend)
                  2000b540    0000008c                  : driver.obj (.text:_SlDrvIsTimeoutExpired)
                  2000b5cc    0000008c                  : device.obj (.text:_sl_HandleAsync_InitComplete)
                  2000b658    0000008c                  : socket.obj (.text:sl_Socket)
                  2000b6e4    00000088     driverlib.a : pin.obj (.text:PinConfigSet)
                  2000b76c    00000088     rtsv7M4_T_le_eabi.lib : vsnprintf.obj (.text)
                  2000b7f4    00000086                           : fd_cmp_t2.obj (.text:__aeabi_cdcmple)
                  2000b87a    00000086                           : fd_cmp_t2.obj (.text:__aeabi_cdrcmple)
                  2000b900    00000084     driverlib.a : i2c.obj (.text:I2CMasterInitExpClk)
                  2000b984    00000084     simplelink.a : wlan.obj (.text:sl_WlanRxFilterSet)
                  2000ba08    00000082     driverlib.a : gpio.obj (.text:GPIOIntTypeSet)
                  2000ba8a    00000002     --HOLE-- [fill = 0]
                  2000ba8c    00000080     simplelink.a : socket.obj (.text:_sl_HandleAsync_Connect)
                  2000bb0c    00000080                  : cc_pal.obj (.text:spi_Read_CPU)
                  2000bb8c    00000080                  : cc_pal.obj (.text:spi_Write_CPU)
                  2000bc0c    0000007a     rtsv7M4_T_le_eabi.lib : memset_t2.obj (.text)
                  2000bc86    00000002     --HOLE-- [fill = 0]
                  2000bc88    00000078     simplelink.a : cc_pal.obj (.text:spi_Close)
                  2000bd00    00000076     driverlib.a : uart.obj (.text:UARTConfigSetExpClk)
                  2000bd76    00000002     --HOLE-- [fill = 0]
                  2000bd78    00000074     simplelink.a : nonos.obj (.text:_SlNonOsMainLoopTask)
                  2000bdec    00000074     pinmux.obj (.text)
                  2000be60    00000070     rtsv7M4_T_le_eabi.lib : autoinit.obj (.text)
                  2000bed0    0000006c     simplelink.a : driver.obj (.text:_SlDrvCmdSend)
                  2000bf3c    0000006c                  : netapp.obj (.text:_sl_NetAppSendTokenValue)
                  2000bfa8    00000068     rtsv7M4_T_le_eabi.lib : copy_decompress_lzss.obj (.text:decompress:lzss)
                  2000c010    00000064     simplelink.a : nonos.obj (.text:_SlNonOsSpawn)
                  2000c074    00000064                  : socket.obj (.text:_sl_HandleAsync_Accept)
                  2000c0d8    00000064                  : netapp.obj (.text:sl_NetAppMDNSUnRegisterService)
                  2000c13c    00000064     driverlib.a : udma.obj (.text:uDMAChannelAttributeDisable)
                  2000c1a0    00000064                 : udma.obj (.text:uDMAChannelAttributeEnable)
                  2000c204    00000060     rtsv7M4_T_le_eabi.lib : sprintf.obj (.text)
                  2000c264    00000060     simplelink.a : socket.obj (.text:sl_Close)
                  2000c2c4    00000060                  : wlan.obj (.text:sl_WlanProfileDel)
                  2000c324    00000060                  : wlan.obj (.text:sl_WlanSetMode)
                  2000c384    0000005c     rtsv7M4_T_le_eabi.lib : s_frexp.obj (.text)
                  2000c3e0    00000058     driverlib.a : interrupt.obj (.text:IntPendClear)
                  2000c438    00000058                 : prcm.obj (.text:PRCMPeripheralReset)
                  2000c490    00000054                 : interrupt.obj (.text:IntPrioritySet)
                  2000c4e4    00000054     simplelink.a : driver.obj (.text:_SlDrvRxIrqHandler)
                  2000c538    00000054                  : socket.obj (.text:_sl_HandleAsync_Select)
                  2000c58c    00000054     rtsv7M4_T_le_eabi.lib : exit.obj (.text)
                  2000c5e0    00000054                           : ltoa.obj (.text)
                  2000c634    00000050     simplelink.a : device.obj (.text:_sl_HandleAsync_Stop)
                  2000c684    0000004c     driverlib.a : spi.obj (.text:SPIIntEnable)
                  2000c6d0    0000004c                 : spi.obj (.text:SPIIntNumberGet)
                  2000c71c    0000004c     simplelink.a : driver.obj (.text:_SlDrvProtectAsyncRespSetting)
                  2000c768    0000004c                  : socket.obj (.text:_sl_BuildAddress)
                  2000c7b4    0000004c     rtsv7M4_T_le_eabi.lib : atoi.obj (.text)
                  2000c800    0000004c                           : cpy_tbl.obj (.text)
                  2000c84c    0000004c     driverlib.a : udma.obj (.text:uDMAChannelAssign)
                  2000c898    00000048                 : gpio.obj (.text:GPIOGetIntNumber)
                  2000c8e0    00000048                 : spi.obj (.text:SPIIntClear)
                  2000c928    00000048     simplelink.a : driver.obj (.text:_SlDrvBasicCmd)
                  2000c970    00000048     rtsv7M4_T_le_eabi.lib : fd_toi_t2.obj (.text)
                  2000c9b8    00000044     driverlib.a : spi.obj (.text:SPIDmaMaskGet)
                  2000c9fc    00000044                 : timer.obj (.text:TimerConfigure)
                  2000ca40    00000044     simplelink.a : driver.obj (.text:_SlDrvSyncObjWaitTimeout)
                  2000ca84    00000044                  : cc_pal.obj (.text:cc_SetupTransfer)
                  2000cac8    00000042                  : socket.obj (.text:sl_Htonl)
                  2000cb0a    00000002     --HOLE-- [fill = 0]
                  2000cb0c    00000040     driverlib.a : pin.obj (.text:PinModeSet)
                  2000cb4c    00000040     simplelink.a : socket.obj (.text:_sl_TruncatePayloadByProtocol)
                  2000cb8c    00000040     rtsv7M4_T_le_eabi.lib : boot.obj (.text)
                  2000cbcc    0000003e     simplelink.a : cc_pal.obj (.text:NwpRegisterInterruptHandler)
                  2000cc0a    0000003c                  : netapp.obj (.text:CopyPingResultsToReport)
                  2000cc46    00000002     --HOLE-- [fill = 0]
                  2000cc48    0000003c     driverlib.a : prcm.obj (.text:PRCMPeripheralClkEnable)
                  2000cc84    0000003c     simplelink.a : cc_pal.obj (.text:simplelink_timerA2_start)
                  2000ccc0    0000003c                  : socket.obj (.text:sl_Htons)
                  2000ccfc    0000003c     driverlib.a : udma.obj (.text:uDMAChannelControlSet)
                  2000cd38    00000038     simplelink.a : cc_pal.obj (.text:NwpPowerOff)
                  2000cd70    00000038                  : wlan.obj (.text:sl_WlanDisconnect)
                  2000cda8    00000036     driverlib.a : gpio.obj (.text:GPIODirModeSet)
                  2000cdde    00000002     --HOLE-- [fill = 0]
                  2000cde0    00000034                 : prcm.obj (.text:PRCMPeripheralStatusGet)
                  2000ce14    00000034                 : spi.obj (.text:SPIFIFOLevelSet)
                  2000ce48    00000030                 : pin.obj (.text:PinTypeGPIO)
                  2000ce78    00000030                 : uart.obj (.text:UARTDisable)
                  2000cea8    0000002e     rtsv7M4_T_le_eabi.lib : i_tofd_t2.obj (.text)
                  2000ced6    0000002c     driverlib.a : i2c.obj (.text:I2CMasterErr)
                  2000cf02    00000002     --HOLE-- [fill = 0]
                  2000cf04    0000002c     simplelink.a : cc_pal.obj (.text:NwpPowerOn)
                  2000cf30    0000002c     driverlib.a : prcm.obj (.text:PRCMSysResetCauseGet)
                  2000cf5c    0000002c     simplelink.a : driver.obj (.text:_SlDrvObjGlobalLockWaitForever)
                  2000cf88    0000002c                  : driver.obj (.text:_SlDrvProtectionObjLockWaitForever)
                  2000cfb4    0000002a     driverlib.a : timer.obj (.text:TimerLoadSet)
                  2000cfde    0000002a                 : timer.obj (.text:TimerPrescaleSet)
                  2000d008    00000028                 : prcm.obj (.text:PRCMPeripheralClkDisable)
                  2000d030    00000028     simplelink.a : driver.obj (.text:_SlDrvGlobalObjUnLock)
                  2000d058    00000028                  : driver.obj (.text:_SlDrvProtectionObjUnLock)
                  2000d080    00000028                  : driver.obj (.text:_SlDrvSyncObjWaitForever)
                  2000d0a8    00000026                  : driver.obj (.text:_SlDrvObjLockWaitForever)
                  2000d0ce    00000002     --HOLE-- [fill = 0]
                  2000d0d0    00000024                  : cc_pal.obj (.text:DmaSpiSwIntHandler)
                  2000d0f4    00000024     driverlib.a : interrupt.obj (.text:IntUnregister)
                  2000d118    00000024                 : uart.obj (.text:UARTEnable)
                  2000d13c    00000024     rtsv7M4_T_le_eabi.lib : memmov.obj (.text)
                  2000d160    00000022     driverlib.a : i2c.obj (.text:I2CMasterSlaveAddrSet)
                  2000d182    00000022                 : spi.obj (.text:SPIReset)
                  2000d1a4    00000022                 : spi.obj (.text:SPIWordCountSet)
                  2000d1c6    00000020                 : gpio.obj (.text:GPIOPinWrite)
                  2000d1e6    00000002     --HOLE-- [fill = 0]
                  2000d1e8    00000020                 : interrupt.obj (.text:IntRegister)
                  2000d208    00000020     simplelink.a : cc_pal.obj (.text:NwpPrePowerOffTimout0)
                  2000d228    00000020                  : cc_pal.obj (.text:TimerGetCurrentTimestamp)
                  2000d248    00000020                  : driver.obj (.text:_SlDrvObjUnLock)
                  2000d268    00000020                  : driver.obj (.text:_SlDrvSyncObjSignal)
                  2000d288    0000001e     driverlib.a : gpio.obj (.text:GPIOIntRegister)
                  2000d2a6    0000001e                 : i2c.obj (.text:I2CMasterIntStatusEx)
                  2000d2c4    0000001e                 : timer.obj (.text:TimerEnable)
                  2000d2e2    0000001e                 : uart.obj (.text:UARTCharPut)
                  2000d300    0000001e     simplelink.a : cc_pal.obj (.text:cc_UDMAChannelSelect)
                  2000d31e    0000001c     driverlib.a : pin.obj (.text:PinTypeI2C)
                  2000d33a    0000001c                 : timer.obj (.text:TimerValueGet)
                  2000d356    0000001c                 : uart.obj (.text:UARTCharGetNonBlocking)
                  2000d372    0000001c     simplelink.a : driver.obj (.text:_SlDrvStartMeasureTimeout)
                  2000d38e    0000001c     rtsv7M4_T_le_eabi.lib : memccpy.obj (.text)
                  2000d3aa    00000002     --HOLE-- [fill = 0]
                  2000d3ac    0000001c     driverlib.a : udma.obj (.text:uDMAChannelEnable)
                  2000d3c8    0000001a                 : gpio.obj (.text:GPIOIntEnable)
                  2000d3e2    0000001a                 : pin.obj (.text:PinTypeUART)
                  2000d3fc    0000001a                 : spi.obj (.text:SPIDmaDisable)
                  2000d416    0000001a                 : spi.obj (.text:SPIDmaEnable)
                  2000d430    0000001a                 : spi.obj (.text:SPIFIFODisable)
                  2000d44a    0000001a                 : spi.obj (.text:SPIFIFOEnable)
                  2000d464    0000001a                 : spi.obj (.text:SPIIntUnregister)
                  2000d47e    00000018                 : gpio.obj (.text:GPIOPinRead)
                  2000d496    00000018                 : spi.obj (.text:SPICSDisable)
                  2000d4ae    00000018                 : spi.obj (.text:SPICSEnable)
                  2000d4c6    00000018                 : spi.obj (.text:SPIDisable)
                  2000d4de    00000018                 : spi.obj (.text:SPIEnable)
                  2000d4f6    00000018                 : uart.obj (.text:UARTCharsAvail)
                  2000d50e    00000018     simplelink.a : nonos.obj (.text:_SlNonOsSemSet)
                  2000d526    00000002     --HOLE-- [fill = 0]
                  2000d528    00000018                  : device.obj (.text:_sl_GetStartResponseConvert)
                  2000d540    00000018     rtsv7M4_T_le_eabi.lib : args_main.obj (.text)
                  2000d558    00000016     driverlib.a : i2c.obj (.text:I2CMasterDataPut)
                  2000d56e    00000016                 : i2c.obj (.text:I2CMasterEnable)
                  2000d584    00000016                 : prcm.obj (.text:PRCMHIBRegRead)
                  2000d59a    00000016                 : prcm.obj (.text:PRCMHIBRegWrite)
                  2000d5b0    00000016     simplelink.a : driver.obj (.text:_SlDrvMemZero)
                  2000d5c6    00000016     rtsv7M4_T_le_eabi.lib : strchr.obj (.text)
                  2000d5dc    00000014     driverlib.a : cpu.obj (.text:CPUcpsie)
                  2000d5f0    00000014                 : gpio.obj (.text:GPIOIntClear)
                  2000d604    00000014                 : interrupt.obj (.text:IntVTableBaseSet)
                  2000d618    00000014     rtsv7M4_T_le_eabi.lib : _lock.obj (.text)
                  2000d62c    00000014                           : strcpy.obj (.text)
                  2000d640    00000014                           : strlen.obj (.text)
                  2000d654    00000012     driverlib.a : i2c.obj (.text:I2CMasterControl)
                  2000d666    00000012                 : i2c.obj (.text:I2CMasterIntClearEx)
                  2000d678    00000012                 : i2c.obj (.text:I2CMasterTimeoutSet)
                  2000d68a    00000010     simplelink.a : driver.obj (.text:_SlDrvDispatchHttpServerEvents)
                  2000d69a    0000000e     driverlib.a : i2c.obj (.text:I2CMasterDataGet)
                  2000d6a8    0000000e     simplelink.a : driver.obj (.text:_SlDrvResetCmdExt)
                  2000d6b6    0000000e     rtsv7M4_T_le_eabi.lib : copy_decompress_none.obj (.text:decompress:none)
                  2000d6c4    0000000e     startup_ccs.obj (.text)
                  2000d6d2    00000002     --HOLE-- [fill = 0]
                  2000d6d4    0000000c     simplelink.a : cc_pal.obj (.text:NwpMaskInterrupt)
                  2000d6e0    0000000c                  : cc_pal.obj (.text:NwpUnMaskInterrupt)
                  2000d6ec    0000000c     rtsv7M4_T_le_eabi.lib : copy_zero_init.obj (.text:decompress:ZI)
                  2000d6f8    0000000a     driverlib.a : interrupt.obj (.text:IntMasterEnable)
                  2000d702    00000008     rtsv7M4_T_le_eabi.lib : s_copysign.obj (.text)
                  2000d70a    00000006     driverlib.a : utils.obj (.text:UtilsDelay)
                  2000d710    00000004     rtsv7M4_T_le_eabi.lib : pre_init.obj (.text)

.const     0    2000d714    0000063e     
                  2000d714    00000101     rtsv7M4_T_le_eabi.lib : ctype.obj (.const:.string:_ctypes_)
                  2000d815    00000003     --HOLE-- [fill = 0]
                  2000d818    00000100     driverlib.a : pin.obj (.const:g_ulPinToPadMap)
                  2000d918    000000d4                 : interrupt.obj (.const:g_pulRegs)
                  2000d9ec    000000a8                 : prcm.obj (.const:PRCM_PeriphRegsList)
                  2000da94    00000080                 : interrupt.obj (.const)
                  2000db14    0000003c     simplelink.a : driver.obj (.const:OpcodeTranslateTable)
                  2000db50    00000038                  : driver.obj (.const:_SlActionLookupTable)
                  2000db88    0000002c     main.obj (.const:$P$T1$2)
                  2000dbb4    0000002c     main.obj (.const:.string)
                  2000dbe0    00000024     driverlib.a : spi.obj (.const:g_ppulSPIIntMap)
                  2000dc04    00000022     main.obj (.const:.string:$P$T0$1)
                  2000dc26    00000002     --HOLE-- [fill = 0]
                  2000dc28    00000020     simplelink.a : driver.obj (.const:RxMsgClassLUT)
                  2000dc48    00000018     driverlib.a : spi.obj (.const)
                  2000dc60    00000015     main.obj (.const:.string:$P$T6$7)
                  2000dc75    00000003     --HOLE-- [fill = 0]
                  2000dc78    00000014     simplelink.a : driver.obj (.const:$P$T0$1)
                  2000dc8c    00000014                  : nonos.obj (.const:$P$T0$1)
                  2000dca0    00000014     main.obj (.const:$P$T2$3)
                  2000dcb4    00000010     simplelink.a : socket.obj (.const:.string:_SlPayloadByProtocolLUT)
                  2000dcc4    0000000c     main.obj (.const:$P$T4$5)
                  2000dcd0    0000000c     main.obj (.const:.string:$P$T3$4)
                  2000dcdc    00000009     main.obj (.const:.string:$P$T5$6)
                  2000dce5    00000008     simplelink.a : device.obj (.const:StartResponseLUT)
                  2000dced    00000003     --HOLE-- [fill = 0]
                  2000dcf0    00000008                  : driver.obj (.const:g_H2NCnysPattern)
                  2000dcf8    00000008                  : driver.obj (.const:g_H2NSyncPattern)
                  2000dd00    00000005     main.obj (.const:.string:$P$T7$8)
                  2000dd05    00000001     --HOLE-- [fill = 0]
                  2000dd06    00000004     simplelink.a : wlan.obj (.const:$P$T0$1)
                  2000dd0a    00000004                  : socket.obj (.const:$P$T2$3)
                  2000dd0e    00000004                  : device.obj (.const:_SlDeviceGetCmdCtrl)
                  2000dd12    00000004                  : device.obj (.const:_SlDeviceSetCmdCtrl)
                  2000dd16    00000004                  : netapp.obj (.const:_SlGetHostByNameCtrl)
                  2000dd1a    00000004                  : netapp.obj (.const:_SlNetAppSendTokenValueCmdCtrl)
                  2000dd1e    00000004                  : netcfg.obj (.const:_SlNetCfgSetCmdCtrl)
                  2000dd22    00000004                  : wlan.obj (.const:_SlPolicySetCmdCtrl)
                  2000dd26    00000004                  : wlan.obj (.const:_SlProfileDelCmdCtrl)
                  2000dd2a    00000004                  : socket.obj (.const:_SlRecvCmdCtrl)
                  2000dd2e    00000004                  : netapp.obj (.const:_SlRegisterServiceCtrl)
                  2000dd32    00000004                  : wlan.obj (.const:_SlRxFilterSetCmdCtrl)
                  2000dd36    00000004                  : socket.obj (.const:_SlSendCmdCtrl)
                  2000dd3a    00000004                  : socket.obj (.const:_SlSetSockOptCmdCtrl)
                  2000dd3e    00000004                  : socket.obj (.const:_SlSockCloseCmdCtrl)
                  2000dd42    00000004                  : socket.obj (.const:_SlSockSocketCmdCtrl)
                  2000dd46    00000004                  : device.obj (.const:_SlStopCmdCtrl)
                  2000dd4a    00000004                  : wlan.obj (.const:_SlWlanCfgSetCmdCtrl)
                  2000dd4e    00000004                  : wlan.obj (.const:_SlWlanSetModeCmdCtrl)

.cinit     0    2000dd58    00000068     
                  2000dd58    0000003d     (.cinit..data.load) [load image, compression = lzss]
                  2000dd95    00000003     --HOLE-- [fill = 0]
                  2000dd98    0000000c     (__TI_handler_table)
                  2000dda4    00000004     --HOLE-- [fill = 0]
                  2000dda8    00000008     (.cinit..bss.load) [load image, compression = zero_init]
                  2000ddb0    00000010     (__TI_cinit_table)

.sysmem    0    20017000    00008000     UNINITIALIZED
                  20017000    00000008     rtsv7M4_T_le_eabi.lib : memory.obj (.sysmem)
                  20017008    00007ff8     --HOLE--

.bss       0    2001f000    00000223     UNINITIALIZED
                  2001f000    00000168     simplelink.a : driver.obj (.bss:g_StatMem)
                  2001f168    00000050     (.common:g_ucDinDout)
                  2001f1b8    0000002c     (.common:g_time)
                  2001f1e4    00000024     (.common:g_ucConnectionSSID)
                  2001f208    00000008     (.common:g_ucConnectionBSSID)
                  2001f210    00000004     uart_if.obj (.bss)
                  2001f214    00000004     (.common:xVal)
                  2001f218    00000004     (.common:yVal)
                  2001f21c    00000001     (.common:RxIrqCnt)
                  2001f21d    00000001     (.common:cTemp)
                  2001f21e    00000001     (.common:g_bDeviceRestartIsRequired)
                  2001f21f    00000001     (.common:g_cDummy)
                  2001f220    00000001     (.common:g_ucLED1Pin)
                  2001f221    00000001     (.common:g_ucLED2Pin)
                  2001f222    00000001     (.common:g_ucLED3Pin)

.data      0    2001f224    000000b4     UNINITIALIZED
                  2001f224    0000003c     simplelink.a : nonos.obj (.data:g__SlNonOsCB)
                  2001f260    00000014     gpio_if.obj (.data:ulReg)
                  2001f274    00000011     main.obj (.data)
                  2001f285    00000003     --HOLE--
                  2001f288    0000000d     simplelink.a : driver.obj (.data)
                  2001f295    00000003     --HOLE--
                  2001f298    0000000c     rtsv7M4_T_le_eabi.lib : exit.obj (.data:$O1$$)
                  2001f2a4    0000000c                           : memory.obj (.data:$O1$$)
                  2001f2b0    0000000c     gpio_if.obj (.data)
                  2001f2bc    00000009     simplelink.a : cc_pal.obj (.data)
                  2001f2c5    00000003     --HOLE--
                  2001f2c8    00000008     rtsv7M4_T_le_eabi.lib : _lock.obj (.data:$O1$$)
                  2001f2d0    00000004                           : errno.obj (.data)
                  2001f2d4    00000004                           : stkdepth_vars.obj (.data)

.stack     0    2002f000    00001000     UNINITIALIZED
                  2002f000    00001000     --HOLE--

MODULE SUMMARY

       Module                     code    ro data   rw data
       ------                     ----    -------   -------
    .\
       main.obj                   5541    201       114    
       startup_ccs.obj            14      1024      0      
       gpio_if.obj                844     0         35     
       i2c_if.obj                 644     0         0      
       uart_if.obj                640     0         4      
       bma222drv.obj              484     0         0      
       pinmux.obj                 116     0         0      
    +--+--------------------------+-------+---------+---------+
       Total:                     8283    1225      153    
                                                           
    C:/ti/CC3200SDK_1.3.0/cc3200-sdk/driverlib/ccs/Release/driverlib.a
       prcm.obj                   852     168       0      
       interrupt.obj              608     340       0      
       spi.obj                    798     60        0      
       udma.obj                   604     0         0      
       pin.obj                    302     256       0      
       gpio.obj                   388     0         0      
       i2c.obj                    352     0         0      
       uart.obj                   284     0         0      
       timer.obj                  210     0         0      
       cpu.obj                    20      0         0      
       utils.obj                  6       0         0      
    +--+--------------------------+-------+---------+---------+
       Total:                     4424    824       0      
                                                           
    C:/ti/CC3200SDK_1.3.0/cc3200-sdk/simplelink/ccs/NON_OS/simplelink.a
       driver.obj                 7714    184       375    
       cc_pal.obj                 1820    0         90     
       socket.obj                 1830    40        0      
       netapp.obj                 1572    12        0      
       wlan.obj                   1312    24        0      
       device.obj                 1230    20        0      
       nonos.obj                  416     20        60     
       netcfg.obj                 152     4         0      
    +--+--------------------------+-------+---------+---------+
       Total:                     16046   304       525    
                                                           
    C:\ti\ccsv7\tools\compiler\ti-cgt-arm_16.9.1.LTS\lib\rtsv7M4_T_le_eabi.lib
       _printfi.obj               4386    0         0      
       memory.obj                 976     0         12     
       ull_div_t2.obj             500     0         0      
       fd_add_t2.obj              438     0         0      
       fd_div_t2.obj              310     0         0      
       fd_cmp_t2.obj              268     0         0      
       ctype.obj                  0       257       0      
       fd_mul_t2.obj              252     0         0      
       s_scalbn.obj               208     0         0      
       memcpy_t2.obj              156     0         0      
       vsnprintf.obj              136     0         0      
       memset_t2.obj              122     0         0      
       autoinit.obj               112     0         0      
       copy_decompress_lzss.obj   104     0         0      
       exit.obj                   84      0         12     
       sprintf.obj                96      0         0      
       s_frexp.obj                92      0         0      
       ltoa.obj                   84      0         0      
       atoi.obj                   76      0         0      
       cpy_tbl.obj                76      0         0      
       fd_toi_t2.obj              72      0         0      
       boot.obj                   64      0         0      
       i_tofd_t2.obj              46      0         0      
       memmov.obj                 36      0         0      
       _lock.obj                  20      0         8      
       memccpy.obj                28      0         0      
       args_main.obj              24      0         0      
       strchr.obj                 22      0         0      
       strcpy.obj                 20      0         0      
       strlen.obj                 20      0         0      
       copy_decompress_none.obj   14      0         0      
       copy_zero_init.obj         12      0         0      
       s_copysign.obj             8       0         0      
       errno.obj                  0       0         4      
       pre_init.obj               4       0         0      
       stkdepth_vars.obj          0       0         4      
       mpu_init.obj               2       0         0      
       startup.obj                2       0         0      
    +--+--------------------------+-------+---------+---------+
       Total:                     8870    257       40     
                                                           
       Heap:                      0       0         32768  
       Stack:                     0       0         4096   
       Linker Generated:          0       97        0      
    +--+--------------------------+-------+---------+---------+
       Grand Total:               37623   2707      37582  


LINKER GENERATED COPY TABLES

__TI_cinit_table @ 2000ddb0 records: 2, size/record: 8, table size: 16
	.data: load addr=2000dd58, load size=0000003d bytes, run addr=2001f224, run size=000000b4 bytes, compression=lzss
	.bss: load addr=2000dda8, load size=00000008 bytes, run addr=2001f000, run size=00000223 bytes, compression=zero_init


LINKER GENERATED HANDLER TABLE

__TI_handler_table @ 2000dd98 records: 3, size/record: 4, table size: 12
	index: 0, handler: __TI_decompress_lzss
	index: 1, handler: __TI_decompress_none
	index: 2, handler: __TI_zero_init


GLOBAL SYMBOLS: SORTED ALPHABETICALLY BY Name 

address   name                                  
-------   ----                                  
200085d1  BMA222Close                           
200085af  BMA222Open                            
200085d5  BMA222Read                            
20008651  BMA222ReadNew                         
2000857f  BlockRead                             
2000c58d  C$$EXIT                               
2000d5dd  CPUcpsie                              
20007a3d  ClearTerm                             
2000d0d1  DmaSpiSwIntHandler                    
20007a47  Error                                 
2000cda9  GPIODirModeSet                        
2000d5f1  GPIOIntClear                          
2000d3c9  GPIOIntEnable                         
2000d289  GPIOIntRegister                       
2000ba09  GPIOIntTypeSet                        
2000d47f  GPIOPinRead                           
2000d1c7  GPIOPinWrite                          
200076b1  GPIO_IF_ConfigureNIntEnable           
20007727  GPIO_IF_Get                           
2000766b  GPIO_IF_GetPortNPin                   
2000742d  GPIO_IF_LedConfigure                  
2000751f  GPIO_IF_LedOff                        
2000746b  GPIO_IF_LedOn                         
200075d3  GPIO_IF_LedStatus                     
2000763d  GPIO_IF_LedToggle                     
200076ed  GPIO_IF_Set                           
20007a7f  GetCmd                                
2000851d  GetRegisterValue                      
2000d655  I2CMasterControl                      
2000d69b  I2CMasterDataGet                      
2000d559  I2CMasterDataPut                      
2000d56f  I2CMasterEnable                       
2000ced7  I2CMasterErr                          
2000b901  I2CMasterInitExpClk                   
2000d667  I2CMasterIntClearEx                   
2000d2a7  I2CMasterIntStatusEx                  
2000d161  I2CMasterSlaveAddrSet                 
2000d679  I2CMasterTimeoutSet                   
200079e7  I2C_IF_Close                          
2000799f  I2C_IF_Open                           
2000789d  I2C_IF_Read                           
20007959  I2C_IF_ReadFrom                       
200077ed  I2C_IF_Write                          
200079fd  InitTerm                              
2000aa81  IntDisable                            
2000ab29  IntEnable                             
2000d6f9  IntMasterEnable                       
2000c3e1  IntPendClear                          
2000c491  IntPrioritySet                        
2000d1e9  IntRegister                           
2000d0f5  IntUnregister                         
2000d605  IntVTableBaseSet                      
20007a1b  Message                               
2000d6d5  NwpMaskInterrupt                      
2000cd39  NwpPowerOff                           
2000cf05  NwpPowerOn                            
2000d209  NwpPrePowerOffTimout0                 
2000cbcd  NwpRegisterInterruptHandler           
2000d6e1  NwpUnMaskInterrupt                    
2000db14  OpcodeTranslateTable                  
200090f5  PRCMCC3200MCUInit                     
2000d585  PRCMHIBRegRead                        
2000d59b  PRCMHIBRegWrite                       
2000d009  PRCMPeripheralClkDisable              
2000cc49  PRCMPeripheralClkEnable               
2000b1e5  PRCMPeripheralClockGet                
2000c439  PRCMPeripheralReset                   
2000cde1  PRCMPeripheralStatusGet               
2000cf31  PRCMSysResetCauseGet                  
2000b6e5  PinConfigSet                          
2000cb0d  PinModeSet                            
2000bded  PinMuxConfig                          
2000ce49  PinTypeGPIO                           
2000d31f  PinTypeI2C                            
2000d3e3  PinTypeUART                           
2000450f  ReadAccSensor                         
20007bbd  Report                                
2000d6c5  ResetISR                              
2001f21c  RxIrqCnt                              
UNDEFED   SHT$$INIT_ARRAY$$Base                 
UNDEFED   SHT$$INIT_ARRAY$$Limit                
2000d497  SPICSDisable                          
2000d4af  SPICSEnable                           
2000ac75  SPIConfigSetExpClk                    
2000d4c7  SPIDisable                            
2000d3fd  SPIDmaDisable                         
2000d417  SPIDmaEnable                          
2000d4df  SPIEnable                             
2000d431  SPIFIFODisable                        
2000d44b  SPIFIFOEnable                         
2000ce15  SPIFIFOLevelSet                       
2000c8e1  SPIIntClear                           
2000c685  SPIIntEnable                          
2000d465  SPIIntUnregister                      
2000d183  SPIReset                              
2000d1a5  SPIWordCountSet                       
20008547  SetRegisterValue                      
200046a1  SimpleLinkGeneralEventHandler         
20004695  SimpleLinkHttpServerCallback          
200045f9  SimpleLinkNetAppEventHandler          
200047fd  SimpleLinkSockEventHandler            
20004401  SimpleLinkWlanEventHandler            
2000c9fd  TimerConfigure                        
2000d2c5  TimerEnable                           
2000d229  TimerGetCurrentTimestamp              
2000cfb5  TimerLoadSet                          
2000cfdf  TimerPrescaleSet                      
2000d33b  TimerValueGet                         
20007b25  TrimSpace                             
2000d357  UARTCharGetNonBlocking                
2000d2e3  UARTCharPut                           
2000d4f7  UARTCharsAvail                        
2000bd01  UARTConfigSetExpClk                   
2000ce79  UARTDisable                           
2000d119  UARTEnable                            
2000d70b  UtilsDelay                            
2000db50  _SlActionLookupTable                  
2000abd1  _SlDriverHandleError                  
2000c929  _SlDrvBasicCmd                        
2000a911  _SlDrvCmdOp                           
2000bed1  _SlDrvCmdSend                         
20008339  _SlDrvDataReadOp                      
200093dd  _SlDrvDataWriteOp                     
2000ae51  _SlDrvDeviceEventHandler              
2000d68b  _SlDrvDispatchHttpServerEvents        
20009b69  _SlDrvDriverCBDeinit                  
20008a89  _SlDrvDriverCBInit                    
2000d031  _SlDrvGlobalObjUnLock                 
2000b541  _SlDrvIsTimeoutExpired                
2000d5b1  _SlDrvMemZero                         
2000a33d  _SlDrvMsgReadSpawnCtx                 
20009c99  _SlDrvNetAppEventHandler              
2000d0a9  _SlDrvObjLockWaitForever              
2000d249  _SlDrvObjUnLock                       
2000c71d  _SlDrvProtectAsyncRespSetting         
2000cf89  _SlDrvProtectionObjLockWaitForever    
2000d059  _SlDrvProtectionObjUnLock             
20008701  _SlDrvReleasePoolObj                  
2000d6a9  _SlDrvResetCmdExt                     
2000c4e5  _SlDrvRxIrqHandler                    
2000d373  _SlDrvStartMeasureTimeout             
2000d269  _SlDrvSyncObjSignal                   
2000d081  _SlDrvSyncObjWaitForever              
2000ca41  _SlDrvSyncObjWaitTimeout              
20008dd9  _SlDrvWaitForPoolObj                  
2000dd1a  _SlNetAppSendTokenValueCmdCtrl        
2000bd79  _SlNonOsMainLoopTask                  
2000a9d1  _SlNonOsSemGet                        
2000d50f  _SlNonOsSemSet                        
2000c011  _SlNonOsSpawn                         
20030000  __STACK_END                           
00001000  __STACK_SIZE                          
00008000  __SYSMEM_SIZE                         
2000ddb0  __TI_CINIT_Base                       
2000ddc0  __TI_CINIT_Limit                      
2000dd98  __TI_Handler_Table_Base               
2000dda4  __TI_Handler_Table_Limit              
2000be61  __TI_auto_init                        
2001f298  __TI_cleanup_ptr                      
2000bfa9  __TI_decompress_lzss                  
2000d6b7  __TI_decompress_none                  
2001f29c  __TI_dtors_ptr                        
2001f2a0  __TI_enable_exit_profile_output       
ffffffff  __TI_pprof_out_hndl                   
200061e1  __TI_printfi                          
ffffffff  __TI_prof_data_size                   
ffffffff  __TI_prof_data_start                  
2000dd58  __TI_static_base__                    
2000d6ed  __TI_zero_init                        
2000b7f5  __aeabi_cdcmpeq                       
2000b7f5  __aeabi_cdcmple                       
2000b87b  __aeabi_cdrcmple                      
2000c971  __aeabi_d2iz                          
200088db  __aeabi_dadd                          
200098fd  __aeabi_ddiv                          
20009d9d  __aeabi_dmul                          
200088d1  __aeabi_dsub                          
2000cea9  __aeabi_i2d                           
2000bc0d  __aeabi_memclr                        
2000bc0d  __aeabi_memclr4                       
2000bc0d  __aeabi_memclr8                       
2000adb5  __aeabi_memcpy                        
2000adb5  __aeabi_memcpy4                       
2000adb5  __aeabi_memcpy8                       
2000bc0f  __aeabi_memset                        
2000bc0f  __aeabi_memset4                       
2000bc0f  __aeabi_memset8                       
20008145  __aeabi_uldivmod                      
ffffffff  __binit__                             
ffffffff  __c_args__                            
20006acb  __mpu_init                            
2002f000  __stack                               
2000d541  _args_main                            
2000cb8d  _c_int00                              
2000d714  _ctypes_                              
2001f2c8  _lock                                 
2000d627  _nop                                  
2000d61f  _register_lock                        
2000d619  _register_unlock                      
2000c075  _sl_HandleAsync_Accept                
2000ba8d  _sl_HandleAsync_Connect               
2000b279  _sl_HandleAsync_DnsGetHostByName      
2000a6b5  _sl_HandleAsync_DnsGetHostByService   
2000b5cd  _sl_HandleAsync_InitComplete          
2000b309  _sl_HandleAsync_PingResponse          
2000c539  _sl_HandleAsync_Select                
2000c635  _sl_HandleAsync_Stop                  
2000bf3d  _sl_NetAppSendTokenValue              
20017000  _sys_memory                           
20008a87  _system_post_cinit                    
2000d711  _system_pre_init                      
2001f2cc  _unlock                               
2000c591  abort                                 
2000c7b5  atoi                                  
ffffffff  binit                                 
2001f21d  cTemp                                 
200073fd  calloc                                
2000c801  copy_in                               
2000d703  copysign                              
2000d703  copysignl                             
2001f2d0  errno                                 
2000c599  exit                                  
20007147  free                                  
2000c385  frexp                                 
2000c385  frexpl                                
2001f280  g_Host                                
2001f288  g_SlDeviceStatus                      
2001f2bc  g_SpiFd                               
2001f224  g__SlNonOsCB                          
2001f21e  g_bDeviceRestartIsRequired            
2001f21f  g_cDummy                              
2001f28c  g_pCB                                 
2001f2c0  g_pHostIntHdl                         
20004000  g_pfnVectors                          
2001f1b8  g_time                                
2001f208  g_ucConnectionBSSID                   
2001f1e4  g_ucConnectionSSID                    
2001f2c4  g_ucDMAEnabled                        
2001f168  g_ucDinDout                           
2001f220  g_ucLED1Pin                           
2001f221  g_ucLED2Pin                           
2001f222  g_ucLED3Pin                           
2001f2b0  g_uiLED1Port                          
2001f2b4  g_uiLED2Port                          
2001f2b8  g_uiLED3Port                          
2001f27c  g_ulGatewayIP                         
2001f278  g_ulPingPacketsRecv                   
2001f274  g_ulStatus                            
2000a5e5  ldexp                                 
2000a5e5  ldexpl                                
2000c5e1  ltoa                                  
200053bd  main                                  
2001f2d4  main_func_sp                          
200070dd  malloc                                
20007311  memalign                              
2000d38f  memccpy                               
2000adb5  memcpy                                
2000d13d  memmove                               
2000bc15  memset                                
2000705d  minit                                 
2001f290  pPingCallBackFunc                     
20005099  printErrConvenience                   
20007209  realloc                               
2000a5e5  scalbn                                
2000a5e5  scalbnl                               
2000cc85  simplelink_timerA2_start              
2000c265  sl_Close                              
20008f69  sl_Connect                            
2000a781  sl_DevGet                             
2000aeed  sl_DevSet                             
2000cac9  sl_Htonl                              
2000ccc1  sl_Htons                              
200097b9  sl_NetAppDnsGetHostByName             
2000a425  sl_NetAppMDNSRegisterUnregisterService
2000c0d9  sl_NetAppMDNSUnRegisterService        
2000af85  sl_NetCfgSet                          
2000ad15  sl_Recv                               
20009a35  sl_Send                               
2000b01d  sl_SetSockOpt                         
2000b659  sl_Socket                             
2000a169  sl_Start                              
20009e99  sl_Stop                               
20007c7d  sl_WlanConnect                        
2000cd71  sl_WlanDisconnect                     
2000b399  sl_WlanPolicySet                      
2000c2c5  sl_WlanProfileDel                     
2000b985  sl_WlanRxFilterSet                    
2000b0b5  sl_WlanSet                            
2000c325  sl_WlanSetMode                        
2000bc89  spi_Close                             
2000952d  spi_Open                              
20009f89  spi_Read                              
2000b14d  spi_Write                             
2000c205  sprintf                               
2000d5c7  strchr                                
2000d62d  strcpy                                
2000d641  strlen                                
2000c84d  uDMAChannelAssign                     
2000c13d  uDMAChannelAttributeDisable           
2000c1a1  uDMAChannelAttributeEnable            
2000ccfd  uDMAChannelControlSet                 
2000d3ad  uDMAChannelEnable                     
2000a079  uDMAChannelTransferSet                
2000b76d  vsnprintf                             
2001f214  xVal                                  
2001f218  yVal                                  


GLOBAL SYMBOLS: SORTED BY Symbol Address 

address   name                                  
-------   ----                                  
00001000  __STACK_SIZE                          
00008000  __SYSMEM_SIZE                         
20004000  g_pfnVectors                          
20004401  SimpleLinkWlanEventHandler            
2000450f  ReadAccSensor                         
200045f9  SimpleLinkNetAppEventHandler          
20004695  SimpleLinkHttpServerCallback          
200046a1  SimpleLinkGeneralEventHandler         
200047fd  SimpleLinkSockEventHandler            
20005099  printErrConvenience                   
200053bd  main                                  
200061e1  __TI_printfi                          
20006acb  __mpu_init                            
2000705d  minit                                 
200070dd  malloc                                
20007147  free                                  
20007209  realloc                               
20007311  memalign                              
200073fd  calloc                                
2000742d  GPIO_IF_LedConfigure                  
2000746b  GPIO_IF_LedOn                         
2000751f  GPIO_IF_LedOff                        
200075d3  GPIO_IF_LedStatus                     
2000763d  GPIO_IF_LedToggle                     
2000766b  GPIO_IF_GetPortNPin                   
200076b1  GPIO_IF_ConfigureNIntEnable           
200076ed  GPIO_IF_Set                           
20007727  GPIO_IF_Get                           
200077ed  I2C_IF_Write                          
2000789d  I2C_IF_Read                           
20007959  I2C_IF_ReadFrom                       
2000799f  I2C_IF_Open                           
200079e7  I2C_IF_Close                          
200079fd  InitTerm                              
20007a1b  Message                               
20007a3d  ClearTerm                             
20007a47  Error                                 
20007a7f  GetCmd                                
20007b25  TrimSpace                             
20007bbd  Report                                
20007c7d  sl_WlanConnect                        
20008145  __aeabi_uldivmod                      
20008339  _SlDrvDataReadOp                      
2000851d  GetRegisterValue                      
20008547  SetRegisterValue                      
2000857f  BlockRead                             
200085af  BMA222Open                            
200085d1  BMA222Close                           
200085d5  BMA222Read                            
20008651  BMA222ReadNew                         
20008701  _SlDrvReleasePoolObj                  
200088d1  __aeabi_dsub                          
200088db  __aeabi_dadd                          
20008a87  _system_post_cinit                    
20008a89  _SlDrvDriverCBInit                    
20008dd9  _SlDrvWaitForPoolObj                  
20008f69  sl_Connect                            
200090f5  PRCMCC3200MCUInit                     
200093dd  _SlDrvDataWriteOp                     
2000952d  spi_Open                              
200097b9  sl_NetAppDnsGetHostByName             
200098fd  __aeabi_ddiv                          
20009a35  sl_Send                               
20009b69  _SlDrvDriverCBDeinit                  
20009c99  _SlDrvNetAppEventHandler              
20009d9d  __aeabi_dmul                          
20009e99  sl_Stop                               
20009f89  spi_Read                              
2000a079  uDMAChannelTransferSet                
2000a169  sl_Start                              
2000a33d  _SlDrvMsgReadSpawnCtx                 
2000a425  sl_NetAppMDNSRegisterUnregisterService
2000a5e5  ldexp                                 
2000a5e5  ldexpl                                
2000a5e5  scalbn                                
2000a5e5  scalbnl                               
2000a6b5  _sl_HandleAsync_DnsGetHostByService   
2000a781  sl_DevGet                             
2000a911  _SlDrvCmdOp                           
2000a9d1  _SlNonOsSemGet                        
2000aa81  IntDisable                            
2000ab29  IntEnable                             
2000abd1  _SlDriverHandleError                  
2000ac75  SPIConfigSetExpClk                    
2000ad15  sl_Recv                               
2000adb5  __aeabi_memcpy                        
2000adb5  __aeabi_memcpy4                       
2000adb5  __aeabi_memcpy8                       
2000adb5  memcpy                                
2000ae51  _SlDrvDeviceEventHandler              
2000aeed  sl_DevSet                             
2000af85  sl_NetCfgSet                          
2000b01d  sl_SetSockOpt                         
2000b0b5  sl_WlanSet                            
2000b14d  spi_Write                             
2000b1e5  PRCMPeripheralClockGet                
2000b279  _sl_HandleAsync_DnsGetHostByName      
2000b309  _sl_HandleAsync_PingResponse          
2000b399  sl_WlanPolicySet                      
2000b541  _SlDrvIsTimeoutExpired                
2000b5cd  _sl_HandleAsync_InitComplete          
2000b659  sl_Socket                             
2000b6e5  PinConfigSet                          
2000b76d  vsnprintf                             
2000b7f5  __aeabi_cdcmpeq                       
2000b7f5  __aeabi_cdcmple                       
2000b87b  __aeabi_cdrcmple                      
2000b901  I2CMasterInitExpClk                   
2000b985  sl_WlanRxFilterSet                    
2000ba09  GPIOIntTypeSet                        
2000ba8d  _sl_HandleAsync_Connect               
2000bc0d  __aeabi_memclr                        
2000bc0d  __aeabi_memclr4                       
2000bc0d  __aeabi_memclr8                       
2000bc0f  __aeabi_memset                        
2000bc0f  __aeabi_memset4                       
2000bc0f  __aeabi_memset8                       
2000bc15  memset                                
2000bc89  spi_Close                             
2000bd01  UARTConfigSetExpClk                   
2000bd79  _SlNonOsMainLoopTask                  
2000bded  PinMuxConfig                          
2000be61  __TI_auto_init                        
2000bed1  _SlDrvCmdSend                         
2000bf3d  _sl_NetAppSendTokenValue              
2000bfa9  __TI_decompress_lzss                  
2000c011  _SlNonOsSpawn                         
2000c075  _sl_HandleAsync_Accept                
2000c0d9  sl_NetAppMDNSUnRegisterService        
2000c13d  uDMAChannelAttributeDisable           
2000c1a1  uDMAChannelAttributeEnable            
2000c205  sprintf                               
2000c265  sl_Close                              
2000c2c5  sl_WlanProfileDel                     
2000c325  sl_WlanSetMode                        
2000c385  frexp                                 
2000c385  frexpl                                
2000c3e1  IntPendClear                          
2000c439  PRCMPeripheralReset                   
2000c491  IntPrioritySet                        
2000c4e5  _SlDrvRxIrqHandler                    
2000c539  _sl_HandleAsync_Select                
2000c58d  C$$EXIT                               
2000c591  abort                                 
2000c599  exit                                  
2000c5e1  ltoa                                  
2000c635  _sl_HandleAsync_Stop                  
2000c685  SPIIntEnable                          
2000c71d  _SlDrvProtectAsyncRespSetting         
2000c7b5  atoi                                  
2000c801  copy_in                               
2000c84d  uDMAChannelAssign                     
2000c8e1  SPIIntClear                           
2000c929  _SlDrvBasicCmd                        
2000c971  __aeabi_d2iz                          
2000c9fd  TimerConfigure                        
2000ca41  _SlDrvSyncObjWaitTimeout              
2000cac9  sl_Htonl                              
2000cb0d  PinModeSet                            
2000cb8d  _c_int00                              
2000cbcd  NwpRegisterInterruptHandler           
2000cc49  PRCMPeripheralClkEnable               
2000cc85  simplelink_timerA2_start              
2000ccc1  sl_Htons                              
2000ccfd  uDMAChannelControlSet                 
2000cd39  NwpPowerOff                           
2000cd71  sl_WlanDisconnect                     
2000cda9  GPIODirModeSet                        
2000cde1  PRCMPeripheralStatusGet               
2000ce15  SPIFIFOLevelSet                       
2000ce49  PinTypeGPIO                           
2000ce79  UARTDisable                           
2000cea9  __aeabi_i2d                           
2000ced7  I2CMasterErr                          
2000cf05  NwpPowerOn                            
2000cf31  PRCMSysResetCauseGet                  
2000cf89  _SlDrvProtectionObjLockWaitForever    
2000cfb5  TimerLoadSet                          
2000cfdf  TimerPrescaleSet                      
2000d009  PRCMPeripheralClkDisable              
2000d031  _SlDrvGlobalObjUnLock                 
2000d059  _SlDrvProtectionObjUnLock             
2000d081  _SlDrvSyncObjWaitForever              
2000d0a9  _SlDrvObjLockWaitForever              
2000d0d1  DmaSpiSwIntHandler                    
2000d0f5  IntUnregister                         
2000d119  UARTEnable                            
2000d13d  memmove                               
2000d161  I2CMasterSlaveAddrSet                 
2000d183  SPIReset                              
2000d1a5  SPIWordCountSet                       
2000d1c7  GPIOPinWrite                          
2000d1e9  IntRegister                           
2000d209  NwpPrePowerOffTimout0                 
2000d229  TimerGetCurrentTimestamp              
2000d249  _SlDrvObjUnLock                       
2000d269  _SlDrvSyncObjSignal                   
2000d289  GPIOIntRegister                       
2000d2a7  I2CMasterIntStatusEx                  
2000d2c5  TimerEnable                           
2000d2e3  UARTCharPut                           
2000d31f  PinTypeI2C                            
2000d33b  TimerValueGet                         
2000d357  UARTCharGetNonBlocking                
2000d373  _SlDrvStartMeasureTimeout             
2000d38f  memccpy                               
2000d3ad  uDMAChannelEnable                     
2000d3c9  GPIOIntEnable                         
2000d3e3  PinTypeUART                           
2000d3fd  SPIDmaDisable                         
2000d417  SPIDmaEnable                          
2000d431  SPIFIFODisable                        
2000d44b  SPIFIFOEnable                         
2000d465  SPIIntUnregister                      
2000d47f  GPIOPinRead                           
2000d497  SPICSDisable                          
2000d4af  SPICSEnable                           
2000d4c7  SPIDisable                            
2000d4df  SPIEnable                             
2000d4f7  UARTCharsAvail                        
2000d50f  _SlNonOsSemSet                        
2000d541  _args_main                            
2000d559  I2CMasterDataPut                      
2000d56f  I2CMasterEnable                       
2000d585  PRCMHIBRegRead                        
2000d59b  PRCMHIBRegWrite                       
2000d5b1  _SlDrvMemZero                         
2000d5c7  strchr                                
2000d5dd  CPUcpsie                              
2000d5f1  GPIOIntClear                          
2000d605  IntVTableBaseSet                      
2000d619  _register_unlock                      
2000d61f  _register_lock                        
2000d627  _nop                                  
2000d62d  strcpy                                
2000d641  strlen                                
2000d655  I2CMasterControl                      
2000d667  I2CMasterIntClearEx                   
2000d679  I2CMasterTimeoutSet                   
2000d68b  _SlDrvDispatchHttpServerEvents        
2000d69b  I2CMasterDataGet                      
2000d6a9  _SlDrvResetCmdExt                     
2000d6b7  __TI_decompress_none                  
2000d6c5  ResetISR                              
2000d6d5  NwpMaskInterrupt                      
2000d6e1  NwpUnMaskInterrupt                    
2000d6ed  __TI_zero_init                        
2000d6f9  IntMasterEnable                       
2000d703  copysign                              
2000d703  copysignl                             
2000d70b  UtilsDelay                            
2000d711  _system_pre_init                      
2000d714  _ctypes_                              
2000db14  OpcodeTranslateTable                  
2000db50  _SlActionLookupTable                  
2000dd1a  _SlNetAppSendTokenValueCmdCtrl        
2000dd58  __TI_static_base__                    
2000dd98  __TI_Handler_Table_Base               
2000dda4  __TI_Handler_Table_Limit              
2000ddb0  __TI_CINIT_Base                       
2000ddc0  __TI_CINIT_Limit                      
20017000  _sys_memory                           
2001f168  g_ucDinDout                           
2001f1b8  g_time                                
2001f1e4  g_ucConnectionSSID                    
2001f208  g_ucConnectionBSSID                   
2001f214  xVal                                  
2001f218  yVal                                  
2001f21c  RxIrqCnt                              
2001f21d  cTemp                                 
2001f21e  g_bDeviceRestartIsRequired            
2001f21f  g_cDummy                              
2001f220  g_ucLED1Pin                           
2001f221  g_ucLED2Pin                           
2001f222  g_ucLED3Pin                           
2001f224  g__SlNonOsCB                          
2001f274  g_ulStatus                            
2001f278  g_ulPingPacketsRecv                   
2001f27c  g_ulGatewayIP                         
2001f280  g_Host                                
2001f288  g_SlDeviceStatus                      
2001f28c  g_pCB                                 
2001f290  pPingCallBackFunc                     
2001f298  __TI_cleanup_ptr                      
2001f29c  __TI_dtors_ptr                        
2001f2a0  __TI_enable_exit_profile_output       
2001f2b0  g_uiLED1Port                          
2001f2b4  g_uiLED2Port                          
2001f2b8  g_uiLED3Port                          
2001f2bc  g_SpiFd                               
2001f2c0  g_pHostIntHdl                         
2001f2c4  g_ucDMAEnabled                        
2001f2c8  _lock                                 
2001f2cc  _unlock                               
2001f2d0  errno                                 
2001f2d4  main_func_sp                          
2002f000  __stack                               
20030000  __STACK_END                           
ffffffff  __TI_pprof_out_hndl                   
ffffffff  __TI_prof_data_size                   
ffffffff  __TI_prof_data_start                  
ffffffff  __binit__                             
ffffffff  __c_args__                            
ffffffff  binit                                 
UNDEFED   SHT$$INIT_ARRAY$$Base                 
UNDEFED   SHT$$INIT_ARRAY$$Limit                

[306 symbols]
